// Jest Snapshot v1, https://goo.gl/fbAQLP

exports[`Error component Matches the snapshot 1`] = `
<div
  className="makeStyles-styleError-3"
  data-testid="error"
>
  <h3
    className="MuiTypography-root makeStyles-inputError-1 MuiTypography-h3"
  >
    You have to login first
  </h3>
  <a
    className="makeStyles-link-2"
    href="/"
  >
     
    Back to login page
  </a>
</div>
`;
